#-----------------------------------------------------------
# Vivado v2018.1 (64-bit)
# SW Build 2188600 on Wed Apr  4 18:40:38 MDT 2018
# IP Build 2185939 on Wed Apr  4 20:55:05 MDT 2018
# Start of session at: Thu Dec 20 10:13:41 2018
# Process ID: 5636
# Current directory: C:/Users/mcanb/OneDrive/Desktop/fg/basys3_ov7670_v1
# Command line: vivado.exe -gui_launcher_event rodinguilauncherevent9360 C:\Users\mcanb\OneDrive\Desktop\fg\basys3_ov7670_v1\basys3_ov7670_v1.xpr
# Log file: C:/Users/mcanb/OneDrive/Desktop/fg/basys3_ov7670_v1/vivado.log
# Journal file: C:/Users/mcanb/OneDrive/Desktop/fg/basys3_ov7670_v1\vivado.jou
#-----------------------------------------------------------
start_gui
open_project C:/Users/mcanb/OneDrive/Desktop/fg/basys3_ov7670_v1/basys3_ov7670_v1.xpr
update_compile_order -fileset sources_1
upgrade_ip -srcset frame_buffer -vlnv xilinx.com:ip:blk_mem_gen:8.4 [get_ips  frame_buffer] -log ip_upgrade.log
export_ip_user_files -of_objects [get_ips frame_buffer] -no_script -sync -force -quiet
update_compile_order -fileset sources_1
reset_run synth_1
launch_runs impl_1 -jobs 4
wait_on_run impl_1
launch_runs impl_1 -to_step write_bitstream -jobs 4
wait_on_run impl_1
open_hw
connect_hw_server
open_hw_target
set_property PROGRAM.FILE {C:/Users/mcanb/OneDrive/Desktop/fg/basys3_ov7670_v1/basys3_ov7670_v1.runs/impl_1/top_level.bit} [get_hw_devices xc7a35t_0]
current_hw_device [get_hw_devices xc7a35t_0]
refresh_hw_device -update_hw_probes false [lindex [get_hw_devices xc7a35t_0] 0]
set_property PROBES.FILE {} [get_hw_devices xc7a35t_0]
set_property FULL_PROBES.FILE {} [get_hw_devices xc7a35t_0]
set_property PROGRAM.FILE {C:/Users/mcanb/OneDrive/Desktop/fg/basys3_ov7670_v1/basys3_ov7670_v1.runs/impl_1/top_level.bit} [get_hw_devices xc7a35t_0]
program_hw_devices [get_hw_devices xc7a35t_0]
refresh_hw_device [lindex [get_hw_devices xc7a35t_0] 0]
